business analyst
business development manager
director analytics
business intelligence analyst
senior business analyst
business development
analytics manager
marketing manager
director business development
business manager
chief analytics officer
vp marketing
business intelligence developer
digital marketing manager
director marketing
vp business development
chief marketing officer
business intelligence engineer
head analytics
marketing specialist
analytics lead
business intelligence manager
director  business development
manager   analytics
marketing director
business development executive
vice president marketing
vp analytics
advanced analytics
analytics specialist
business head
operations
analytics director
director  business analytics
director operations
manager analytics
manager data analytics
operations manager
senior manager  analytics
web analytics manager
hr business partner
vice president   analytics
vice president business development
it business analyst
marketing analyst
senior marketing analyst
technical business analyst
advanced analytics consulting
analytics
analytics professional
business analytics intern
business owner
head business intelligence
head marketing
marketing
marketing analytics
mccombs school business
new business development
senior business analytics specialist
statistics   analytics
business analytics manager
business development director
data analytics manager
director   solutions marketing
director  analytics
director  data analytics
director  digital analytics
director  web analytics
director business operations
director integrated marketing
director product marketing
director search marketing
group director analytics
manager  business analytics
manager  digital analytics
manager customer analytics
manager operations
marketing communications manager
marketing operations manager
risk analytics manager
senior analytics manager
senior director  analytics
senior director  marketing analytics
senior director business development
senior director marketing
avp   analytics
chief analytics officer (cao)
chief marketing officer (cmo)
human resources business partner
partner  analytics
sales marketing executive
vice president  analytics
vice president  business development
vice president  operations
vice president analytics
vice president operations
vp  marketing
vp marketing science
vp product marketing
vp sales   marketing
vp sales marketing
associate business analyst
business data analyst
business intelligence data analyst
database marketing analyst
operations research analyst
senior quantitative business analyst
sr  business analyst
consultant
senior consultant
principal consultant
analytics consultant
independent consultant
business consultant
business intelligence consultant
staffing consultant
associate consultant
management consultant
statistical consultant
recruiting consultant
recruitment consultant
sr  consultant
technical consultant
it consultant
managing consultant
sr  talent acquisition consultant
talent acquisition consultant
bi consultant
data analytics consultant
analytical consultant
data consultant
data science consultant
executive search consultant
lead consultant
senior recruiting consultant
sr  analytics consultant
sr consultant
strategy consultant
technology consultant
advanced analytics consultant
analytic consultant
assistant consultant
big data   analytics consultant
big data consultant
business system consultant
consultant owner
consultant statistician
data scientist   consultant
data warehouse consultant
digital consultant
executive consultant
freelance consultant
marketing communications consultant
project consultant
risk consultant
risk management consultant
sales consultant
sas consultant
search consultant
senior analytics consultant
senior associate consultant
senior business intelligence consultant
senior data mining consultant
senior recruitment consultant
senior solutions consultant
sr sas consultant
talent management consultant
solutions architect
data architect
solution architect
technical architect
architect
enterprise architect
systems architect
principal architect
big data architect
senior solutions architect
senior technical architect
chief architect
bi architect
enterprise information architect
senior architect
senior data architect
software architect
technology architect
lead solutions architect
principal enterprise architect
data scientist
senior data scientist
chief data scientist
chief scientist
principal data scientist
lead data scientist
senior scientist
director data science
scientist
principal scientist
data science intern
datasciencecentral
decision scientist
sr  data scientist
staff data scientist
staff scientist
director  data science
lead scientist
analytic science   scientist ii
big data scientist
consulting data scientist
data science fellow
data science specialist
head data science
machine learning scientist
positive bioscience
sr  scientist
data science manager
data scientist   manager
data scientist manager
chief science officer
president chief scientist
vp  data scientist
principal analytic scientist
senior data science analyst
software engineer
senior software engineer
software developer
sr  software engineer
principal software engineer
software development engineer
staff software engineer
web developer
bi developer
senior developer
software development engineer ii
application developer
big data developer
hadoop developer
ios developer
java software engineer
quantitative developer
sas developer
senior database developer
senior software development engineer
sr software engineer
development manager
director product development
lead developer
software development manager
systems developer analyst
data engineer
engineer
vp engineering
systems engineer
engineering manager
sales engineer
system engineer
director engineering
lead engineer
vice president engineering
principal engineer
application engineer
senior systems engineer
senior director engineering
big data engineer
quality assurance engineer
quality engineer
senior consulting engineer
senior engineer
senior system engineer
solutions engineer
staff engineer
engineering program manager
sr director engineering
ceo
founder
president
director
owner
managing director
partner
co founder
principal
manager
managing partner
founder   ceo
vice president
data analyst
project manager
analyst
founder ceo
board member
advisor
cto
senior analyst
account manager
senior manager
executive director
chief technology officer
associate
assistant manager
president   ceo
chief executive officer
advisory board member
program manager
ceo   co founder
president ceo
ceo founder
co founder   ceo
teaching assistant
co founder ceo
account executive
ceo   founder
associate director
general manager
hr manager
chairman
member
director product management
product manager
sales director
senior director
senior project manager
team lead
founder   president
author
coo
database administrator
instructor
phd candidate
postdoctoral fellow
retired
senior associate
director human resources
senior program manager
technical lead
executive vice president
founder  ceo
quantitative analyst
web analyst
adjunct faculty
board advisors
cio
co founder cto
cofounder
entrepreneur
investor
mentor
sourcing specialist
delivery manager
human resources manager
project director
project lead
project leader
sales manager
chief operating officer
senior partner
senior data analyst
contractor
economist
editor
graduate teaching assistant
senior advisor
teacher
board directors
commercial director
director sales
engagement manager
founder director
resource manager
senior product manager
sr  account manager
associate partner
chief information officer
executive assistant
founder president
founding partner
president founder
senior vice president
managing principal
bi analyst
systems analyst
adjunct instructor
administrator
avp
bdm
cognizant technology solutions
csc
cto   co founder
founder owner
hr generalist
human resources
ibm
intern
investment professional
member board trustees
microsoft
postdoctoral associate
private tutor
programmer
proprietor
self employed
subject matter expert
tata consultancy services
technical specialist
volunteer
analysis manager
associate manager
board director
director   co founder
director digital strategy
founder   managing director
group manager
key account manager
member board directors
non executive director
regional director
risk manager
technical manager
assistant vice president
ceo co founder
chief data officer
chief financial officer
chief risk officer
executive coach
founder   managing partner
president owner
sales executive
sr  account executive
vice president  human resources
vice president  product management
vice president sales
founder managing principal
credit risk analyst
financial analyst
risk analyst
system analyst
agm
amazon
assistant
attorney
board observer
cfo
chair
co founder   coo
co founder   cto
co founder  cto
collabera
consulting
consulting member technical staff
coordinator
cto co founder
cto founder
data anayltics professional
data miner
data specialist
directeur général
dmr
editorial board member
enseignant
exusia  inc 
facilitator
faculty
fellow
fico
flubit
founder   owner
founder chairman
founder cto
growth hacker
head strategy
independent
information management specialist
machine learning specialist
mba candidate
member technical staff
organizer
owner operator
owner photographer
ph d  candidate
practice head
profesor
publisher
pyramid consulting
quant
quantitative trader
reporter
saama technologies
sales associate
sales rep
sales representative
sap
scientific advisor
senior acquisitions editor
senior conference producer
senior data specialist
senior economist
senior member technical staff
solebrity  inc 
sr  data modeler
sr  hr generalist
strategic advisor
systems administrator
technical advisor
teradata
vp
account manager  team leader
board directors member
client relationship manager
co founder   director
co founder director
community manager
consulting director
content manager
data manager
data mining manager
deputy manager
digital campaign manager
director   founder
director  account management
director  advisory services
director  human resources
director  product management
director  strategy consulting
director consulting services
director data mining
director in charge
director information technology
director technology
division director
editorial director
founder   director
founder managing director
founding director
global conference director
human resources director
investment manager
it manager
lead associate
member  board directors
owner director
portfolio manager
practice director
program director
r d director
regional sales director
regional sales manager
senior account manager
senior director  product management
senior technical manager
sr  director
sr  director  human resources
sr  manager
sr  program manager
sr  project manager
strategic account manager
team leader
tech lead
technology account manager
associate vice president
ceo   president
ceo  founder
ceo owner
ceo president
chief digital officer
chief mentor
chief revenue officer
chief technical officer
co founder  ceo
executive resourcing
founder  managing partner
founder  president
founder  president   ceo
founder managing partner
general partner
owner president
president   co founder
president   owner
senior account executive
senior executive
sr account executive
vice president products
vp sales
founder   principal
principal   founder
principal dev lead
principal founder
principal member technical staff
senior principal
commercial analyst
crm analyst
lead analyst
performance analyst
programmer analyst
senior digital analyst
senior risk analyst
senior web analyst
sr analyst
recruiter
senior recruiter
technical recruiter
executive recruiter
recruiting manager
senior technical recruiter
sr  recruiter
director talent acquisition
sr  technical recruiter
senior corporate recruiter
director recruiting
talent acquisition manager
corporate recruiter
recruiting coordinator
talent acquisition
talent acquisition specialist
recruitment manager
manager  talent acquisition
it recruiter
recruitment specialist
sr  talent acquisition specialist
sr recruiter
director talent
manager talent acquisition
senior manager  talent acquisition
senior executive recruiter
talent acquisition partner
principal technical recruiter
independent recruiter
senior e recruitment specialist
senior it recruiter
talent advisor
technology recruiter
director  talent acquisition
lead recruiter
lead technical recruiter
senior director  talent acquisition
sr  director  talent acquisition
sr  talent acquisition partner
vice president  executive recruiter
research assistant
researcher
research scientist
research associate
internet researcher
research analyst
research fellow
graduate research assistant
senior research scientist
senior researcher
research engineer
research scholar
research staff member
principal research scientist
phd researcher
director research
principal researcher
market research analyst
collaborative research
head research
post doctoral researcher
postdoctoral research associate
postdoctoral researcher
research
senior research fellow
talent acquisition research professional
telephone researcher
research development manager
principal research manager
senior research analyst
statistical research analyst
statistician
statistical analyst
senior statistician
senior statistical analyst
sr  statistician
statistical associate
biostatistician ii
mathematical statistician
regional statistician
san jose state university
senior biostatistician
lead statistician
statistical analysis manager
graduate student
phd student
student
graduate student assistant
master student
associate professor
professor
assistant professor
adjunct professor
lecturer
senior lecturer
visiting assistant professor
visiting professor
lecturer researcher
part time lecturer
